Script started on 2023-02-06 20:53:35-05:00 [TERM="xterm-256color" TTY="/dev/pts/0" COLUMNS="80" LINES="24"]
]0;sc94@maroon14: ~/214/labs/05/extraCredit[01;32msc94@maroon14[00m:[01;34m~/214/labs/05/extraCredit[00m$ (defn incMaker [incValue]
>    (fn [x]
>      (+ x incValue)
>    )
> )

Command 'defn' not found, did you mean:

  command 'den' from snap den (1.2.0-0)

See 'snap info <snapname>' for additional versions.

fn: command not found
+: command not found
]0;sc94@maroon14: ~/214/labs/05/extraCredit[01;32msc94@maroon14[00m:[01;34m~/214/labs/05/extraCredit[00m$ clojure
[KClojure 1.10.1
[Kuser=> [Kuser=> [Kuser=> (defn incMaker [incValue][incValue]user=> [K[K   (fn [x][x][K(defn incMaker [incValue]
[K   (fn [x][K[K     (+ x incValue)     (+ x incValue)[K   (fn [x]
[K     (+ x incValue)[K[K   )[K     (+ x incValue)
[K   )[K[K)[K   )
[K)[K)
[K#'user/incMaker
user=> [Kuser=> [Kuser=> (defn incMaker [incValue][incValue]user=> [K[K   #(+ % incValue)   #(+ % incValue)[K(defn incMaker [incValue]
[K   #(+ % incValue)[K[K)[K   #(+ % incValue)
[K)[K)
#'user/incMaker
user=> [Kuser=> [Kuser=> (def inc5 (incMaker 5)(incMaker 5))user=> (def inc5 (incMaker 5))user=> [K(def inc5 (incMaker 5))
#'user/inc5
user=> [Kuser=> [Kuser=> (defn greetingBuilder [greeting][greeting]user=> [K[K   (fn [visitor]   (fn [visitor][K(defn greetingBuilder [greeting]
[K   (fn [visitor][K[K      (str greeting ", " visitor "!")      (str greeting ", " visitor "!")[K   (fn [visitor]
[K      (str greeting ", " visitor "!")[K[K   )[K      (str greeting ", " visitor "!")
[K   )[K[K)[K   )
[K)[K)
#'user/greetingBuilder
user=> [Kuser=> [Kuser=> (def csGreeting (greetingBuilder "Welcome to CS 214")user=> (def csGreeting (greetingBuilder "Welcome to CS 214"))user=> (def csGreeting (greetingBuilder "Welcome to CS 214"))user=> [K[K(def englishGreeting (greetingBuilder "Hello")(def englishGreeting (greetingBuilder "Hello")[K(def csGreeting (greetingBuilder "Welcome to CS 214"))
[K(def englishGreeting (greetingBuilder "Hello"))(def englishGreeting (greetingBuilder "Hello"))[K#'user/csGreeting
user=> [Kuser=> (def frenchGreeting (greetingBuilder "Bonjour")(greetingBuilder "Bonjour")user=> [K[Kuser=> (def englishGreeting (greetingBuilder "Hello"))
#'user/englishGreeting
user=> [Kuser=> (def frenchGreeting (greetingBuilder "Bonjour"))user=> (def frenchGreeting (greetingBuilder "Bonjour"))user=> [K(def frenchGreeting (greetingBuilder "Bonjour"))
#'user/frenchGreeting
user=> [Kuser=> [Kuser=> (csGreeting "Ann")user=> (csGreeting "Ann")user=> [K[K(englishGreeting "Chris")(englishGreeting "Chris")[K(csGreeting "Ann")
[K(englishGreeting "Chris")[K[K(frenchGreeting "Chris")(frenchGreeting "Chris")[K"Welcome to CS 214, Ann!"
user=> (englishGreeting "Chris")
[K(frenchGreeting "Chris")[K"Hello, Chris!"
[K(frenchGreeting "Chris")[Kuser=> [Kuser=> (frenchGreeting "Chris")user=> [K(frenchGreeting "Chris")
"Bonjour, Chris!"
user=> [Kuser=> [Kuser=> 
[K]0;sc94@maroon14: ~/214/labs/05/extraCredit[01;32msc94@maroon14[00m:[01;34m~/214/labs/05/extraCredit[00m$ exit

Script done on 2023-02-06 20:55:07-05:00 [COMMAND_EXIT_CODE="0"]
